PASS: render tool 0 color Catalog color: System systemRedColor
PASS: render tool 0 color Catalog color: System systemBlueColor
PASS: render tool 0 color Catalog color: System systemGreenColor
PASS: render tool 0 color Generic Gray Gamma 2.2 Profile colorspace 0 1
PASS: render tool 0 color Generic Gray Gamma 2.2 Profile colorspace 1 1
PASS: render tool 1 color Catalog color: System systemRedColor
PASS: render tool 1 color Catalog color: System systemBlueColor
PASS: render tool 1 color Catalog color: System systemGreenColor
PASS: render tool 1 color Generic Gray Gamma 2.2 Profile colorspace 0 1
PASS: render tool 1 color Generic Gray Gamma 2.2 Profile colorspace 1 1
PASS: render tool 2 color Catalog color: System systemRedColor
PASS: render tool 2 color Catalog color: System systemBlueColor
PASS: render tool 2 color Catalog color: System systemGreenColor
PASS: render tool 2 color Generic Gray Gamma 2.2 Profile colorspace 0 1
PASS: render tool 2 color Generic Gray Gamma 2.2 Profile colorspace 1 1
PASS: render tool 3 color Catalog color: System systemRedColor
PASS: render tool 3 color Catalog color: System systemBlueColor
PASS: render tool 3 color Catalog color: System systemGreenColor
PASS: render tool 3 color Generic Gray Gamma 2.2 Profile colorspace 0 1
PASS: render tool 3 color Generic Gray Gamma 2.2 Profile colorspace 1 1
PASS: render tool 4 color Catalog color: System systemRedColor
PASS: render tool 4 color Catalog color: System systemBlueColor
PASS: render tool 4 color Catalog color: System systemGreenColor
PASS: render tool 4 color Generic Gray Gamma 2.2 Profile colorspace 0 1
PASS: render tool 4 color Generic Gray Gamma 2.2 Profile colorspace 1 1
PASS: render tool 5 color Catalog color: System systemRedColor
PASS: render tool 5 color Catalog color: System systemBlueColor
PASS: render tool 5 color Catalog color: System systemGreenColor
PASS: render tool 5 color Generic Gray Gamma 2.2 Profile colorspace 0 1
PASS: render tool 5 color Generic Gray Gamma 2.2 Profile colorspace 1 1
PASS: spotlight center transparent
PASS: spotlight dim 60 percent
PASS: fluorescent border rendered
PASS: 100 synthetic canvas reset cycles
34 rendering checks passed; synthetic only, not live capture
